Analyzing go_grabit...                                          

   info - The constant name 'API_BASE' isn't a lowerCamelCase identifier - lib\config.dart:2:14 - constant_identifier_names
   info - Statements in an if should be enclosed in a block - lib\home\home.dart:105:11 - curly_braces_in_flow_control_structures
   info - Statements in an if should be enclosed in a block - lib\home\home.dart:107:11 - curly_braces_in_flow_control_structures
   info - 'withOpacity' is deprecated and shouldn't be used. Use .withValues() to avoid precision loss - lib\product_item.dart:40:37 - deprecated_member_use
   info - Instances of 'Color' should be created using an 8-digit hexadecimal integer (such as '0xFFFFFFFF') - lib\product_item.dart:90:44 - use_full_hex_values_for_flutter_colors
   info - 'withOpacity' is deprecated and shouldn't be used. Use .withValues() to avoid precision loss - lib\profile\billing_screen.dart:82:47 - deprecated_member_use
   info - 'withOpacity' is deprecated and shouldn't be used. Use .withValues() to avoid precision loss - lib\profile\billing_screen.dart:96:55 - deprecated_member_use
   info - Statements in an if should be enclosed in a block - lib\profile\change_password_screen.dart:115:21 - curly_braces_in_flow_control_structures
   info - Statements in an if should be enclosed in a block - lib\profile\change_password_screen.dart:130:21 - curly_braces_in_flow_control_structures
   info - Don't use 'BuildContext's across async gaps, guarded by an unrelated 'mounted' check - lib\profile\profile_screen.dart:46:32 - use_build_context_synchronously
   info - Don't use 'BuildContext's across async gaps, guarded by an unrelated 'mounted' check - lib\profile\profile_screen.dart:56:11 - use_build_context_synchronously
   info - 'withOpacity' is deprecated and shouldn't be used. Use .withValues() to avoid precision loss - lib\profile\profile_screen.dart:194:59 - deprecated_member_use
   info - 'withOpacity' is deprecated and shouldn't be used. Use .withValues() to avoid precision loss - lib\profile\profile_screen.dart:302:49 - deprecated_member_use
   info - 'withOpacity' is deprecated and shouldn't be used. Use .withValues() to avoid precision loss - lib\profile\profile_screen.dart:316:36 - deprecated_member_use
   info - 'withOpacity' is deprecated and shouldn't be used. Use .withValues() to avoid precision loss - lib\profile\settings_screen.dart:66:38 - deprecated_member_use
   info - 'withOpacity' is deprecated and shouldn't be used. Use .withValues() to avoid precision loss - lib\profile\settings_screen.dart:89:39 - deprecated_member_use
   info - 'withOpacity' is deprecated and shouldn't be used. Use .withValues() to avoid precision loss - lib\profile\settings_screen.dart:115:40 - deprecated_member_use
   info - 'withOpacity' is deprecated and shouldn't be used. Use .withValues() to avoid precision loss - lib\profile\settings_screen.dart:160:44 - deprecated_member_use
   info - 'withOpacity' is deprecated and shouldn't be used. Use .withValues() to avoid precision loss - lib\profile\user_management_screen.dart:30:40 - deprecated_member_use
   info - 'withOpacity' is deprecated and shouldn't be used. Use .withValues() to avoid precision loss - lib\profile\user_management_screen.dart:49:37 - deprecated_member_use
   info - Don't use 'BuildContext's across async gaps - lib\screens\auth\login_screen.dart:94:24 - use_build_context_synchronously
   info - Don't use 'BuildContext's across async gaps - lib\screens\auth\signup_screen.dart:37:24 - use_build_context_synchronously
   info - Don't use 'BuildContext's across async gaps - lib\screens\auth\signup_screen.dart:80:24 - use_build_context_synchronously
   info - 'withOpacity' is deprecated and shouldn't be used. Use .withValues() to avoid precision loss - lib\screens\cart\cart_screen.dart:114:40 - deprecated_member_use
   info - 'withOpacity' is deprecated and shouldn't be used. Use .withValues() to avoid precision loss - lib\screens\checkout\checkout_screen.dart:248:39 - deprecated_member_use
   info - Unnecessary 'const' keyword - lib\screens\checkout\checkout_screen.dart:263:53 - unnecessary_const
   info - 'withOpacity' is deprecated and shouldn't be used. Use .withValues() to avoid precision loss - lib\screens\food_offers_screen.dart:107:58 - deprecated_member_use
   info - Don't use 'BuildContext's across async gaps - lib\screens\map_screen.dart:81:18 - use_build_context_synchronously
   info - Don't use 'BuildContext's across async gaps - lib\screens\map_screen.dart:82:18 - use_build_context_synchronously
   info - Unnecessary use of 'toList' in a spread - lib\screens\map_screen.dart:368:20 - unnecessary_to_list_in_spreads
   info - Unnecessary use of 'toList' in a spread - lib\screens\map_screen.dart:414:22 - unnecessary_to_list_in_spreads
   info - 'withOpacity' is deprecated and shouldn't be used. Use .withValues() to avoid precision loss - lib\screens\map_screen.dart:430:43 - deprecated_member_use
   info - 'withOpacity' is deprecated and shouldn't be used. Use .withValues() to avoid precision loss - lib\screens\map_screen.dart:434:47 - deprecated_member_use
   info - 'withOpacity' is deprecated and shouldn't be used. Use .withValues() to avoid precision loss - lib\screens\map_screen.dart:481:43 - deprecated_member_use
   info - 'withOpacity' is deprecated and shouldn't be used. Use .withValues() to avoid precision loss - lib\screens\map_screen.dart:507:44 - deprecated_member_use
   info - 'withOpacity' is deprecated and shouldn't be used. Use .withValues() to avoid precision loss - lib\screens\map_screen.dart:519:45 - deprecated_member_use
   info - Statements in an if should be enclosed in a block - lib\screens\partner\edit_restaurant_screen.dart:165:7 - curly_braces_in_flow_control_structures
   info - Don't use 'BuildContext's across async gaps, guarded by an unrelated 'mounted' check - lib\screens\partner\manage_offers_screen.dart:245:58 - use_build_context_synchronously
   info - Don't use 'BuildContext's across async gaps, guarded by an unrelated 'mounted' check - lib\screens\partner\manage_offers_screen.dart:248:54 - use_build_context_synchronously
   info - 'withOpacity' is deprecated and shouldn't be used. Use .withValues() to avoid precision loss - lib\screens\partner\manage_offers_screen.dart:417:45 - deprecated_member_use
   info - 'withOpacity' is deprecated and shouldn't be used. Use .withValues() to avoid precision loss - lib\screens\partner\manage_offers_screen.dart:452:46 - deprecated_member_use
   info - 'activeColor' is deprecated and shouldn't be used. Use activeThumbColor instead. This feature was deprecated after v3.31.0-2.0.pre - lib\screens\partner\manage_offers_screen.dart:529:37 - deprecated_member_use
   info - The import of 'dart:ui' is unnecessary because all of the used elements are also provided by the import of 'package:flutter/material.dart' - lib\screens\partner\restaurant_dashboard_screen.dart:9:8 - unnecessary_import
   info - 'withOpacity' is deprecated and shouldn't be used. Use .withValues() to avoid precision loss - lib\screens\partner\restaurant_dashboard_screen.dart:317:34 - deprecated_member_use
   info - 'withOpacity' is deprecated and shouldn't be used. Use .withValues() to avoid precision loss - lib\screens\partner\restaurant_dashboard_screen.dart:318:34 - deprecated_member_use
   info - 'withOpacity' is deprecated and shouldn't be used. Use .withValues() to avoid precision loss - lib\screens\partner\restaurant_dashboard_screen.dart:319:34 - deprecated_member_use
   info - 'withOpacity' is deprecated and shouldn't be used. Use .withValues() to avoid precision loss - lib\screens\partner\restaurant_dashboard_screen.dart:453:55 - deprecated_member_use
   info - 'withOpacity' is deprecated and shouldn't be used. Use .withValues() to avoid precision loss - lib\screens\partner\restaurant_dashboard_screen.dart:458:57 - deprecated_member_use
   info - 'withOpacity' is deprecated and shouldn't be used. Use .withValues() to avoid precision loss - lib\screens\partner\restaurant_dashboard_screen.dart:469:59 - deprecated_member_use
   info - 'activeColor' is deprecated and shouldn't be used. Use activeThumbColor instead. This feature was deprecated after v3.31.0-2.0.pre - lib\screens\partner\restaurant_dashboard_screen.dart:516:15 - deprecated_member_use
   info - 'withOpacity' is deprecated and shouldn't be used. Use .withValues() to avoid precision loss - lib\screens\partner\restaurant_dashboard_screen.dart:574:26 - deprecated_member_use
   info - 'withOpacity' is deprecated and shouldn't be used. Use .withValues() to avoid precision loss - lib\screens\partner\restaurant_dashboard_screen.dart:585:54 - deprecated_member_use
   info - 'withOpacity' is deprecated and shouldn't be used. Use .withValues() to avoid precision loss - lib\screens\partner\restaurant_dashboard_screen.dart:596:34 - deprecated_member_use
   info - 'withOpacity' is deprecated and shouldn't be used. Use .withValues() to avoid precision loss - lib\screens\partner\restaurant_dashboard_screen.dart:635:33 - deprecated_member_use
   info - 'withOpacity' is deprecated and shouldn't be used. Use .withValues() to avoid precision loss - lib\screens\partner\restaurant_dashboard_screen.dart:656:39 - deprecated_member_use
   info - 'withOpacity' is deprecated and shouldn't be used. Use .withValues() to avoid precision loss - lib\screens\partner\restaurant_dashboard_screen.dart:767:26 - deprecated_member_use
   info - 'withOpacity' is deprecated and shouldn't be used. Use .withValues() to avoid precision loss - lib\screens\partner\restaurant_dashboard_screen.dart:769:45 - deprecated_member_use
   info - 'withOpacity' is deprecated and shouldn't be used. Use .withValues() to avoid precision loss - lib\screens\partner\restaurant_dashboard_screen.dart:781:32 - deprecated_member_use
   info - 'withOpacity' is deprecated and shouldn't be used. Use .withValues() to avoid precision loss - lib\screens\partner\restaurant_dashboard_screen.dart:807:39 - deprecated_member_use
   info - 'withOpacity' is deprecated and shouldn't be used. Use .withValues() to avoid precision loss - lib\screens\partner\restaurant_dashboard_screen.dart:883:33 - deprecated_member_use
   info - 'withOpacity' is deprecated and shouldn't be used. Use .withValues() to avoid precision loss - lib\screens\partner\restaurant_dashboard_screen.dart:946:39 - deprecated_member_use
   info - 'withOpacity' is deprecated and shouldn't be used. Use .withValues() to avoid precision loss - lib\screens\partner\restaurant_orders_screen.dart:99:40 - deprecated_member_use
   info - Unnecessary use of string interpolation - lib\screens\popular_products_screen.dart:114:11 - unnecessary_string_interpolations
   info - 'withOpacity' is deprecated and shouldn't be used. Use .withValues() to avoid precision loss - lib\screens\product\product_detail_screen.dart:161:34 - deprecated_member_use
   info - Statements in an if should be enclosed in a block - lib\services\api_service.dart:43:7 - curly_braces_in_flow_control_structures
   info - The 'if' statement could be replaced by a null-aware assignment - lib\services\auth_service.dart:57:7 - prefer_conditional_assignment
   info - Don't invoke 'print' in production code - lib\services\auth_service.dart:62:9 - avoid_print
   info - Don't invoke 'print' in production code - lib\services\auth_service.dart:94:7 - avoid_print
   info - The prefix 'IO' isn't a lower_case_with_underscores identifier - lib\services\socket_service.dart:2:60 - library_prefixes
   info - Don't invoke 'print' in production code - lib\services\socket_service.dart:34:7 - avoid_print
   info - Don't invoke 'print' in production code - lib\services\socket_service.dart:38:7 - avoid_print
   info - Don't invoke 'print' in production code - lib\services\socket_service.dart:43:7 - avoid_print
   info - Don't invoke 'print' in production code - lib\services\socket_service.dart:47:37 - avoid_print
   info - Don't invoke 'print' in production code - lib\services\socket_service.dart:48:33 - avoid_print
   info - Don't invoke 'print' in production code - lib\services\socket_service.dart:53:5 - avoid_print
   info - Don't invoke 'print' in production code - lib\services\socket_service.dart:58:5 - avoid_print
   info - 'withOpacity' is deprecated and shouldn't be used. Use .withValues() to avoid precision loss - lib\splash.dart:40:53 - deprecated_member_use
   info - 'withOpacity' is deprecated and shouldn't be used. Use .withValues() to avoid precision loss - lib\widgets\food_offer_card.dart:43:35 - deprecated_member_use
   info - 'withOpacity' is deprecated and shouldn't be used. Use .withValues() to avoid precision loss - lib\widgets\food_offer_card.dart:83:45 - deprecated_member_use
   info - 'withOpacity' is deprecated and shouldn't be used. Use .withValues() to avoid precision loss - lib\widgets\food_offer_card.dart:178:56 - deprecated_member_use

